{global_cell={partition=["1""3""7"]}}
{x=["1""2""3"]y={w="string string"z="hey"}z=?}
{global_cell={partition=["10""41""21"]}sigma="1.234"topology="january"}
["1""3""7"]
{partition=["10""41""21"]}
["10""41""21"]
["10""41""21"]
41
