z at line 1 and col 1 of file testfile
= at line 1 and col 2 of file testfile
5 at line 1 and col 4 of file testfile
x at line 2 and col 1 of file testfile
= at line 2 and col 2 of file testfile
[ at line 2 and col 4 of file testfile
2 at line 2 and col 5 of file testfile
3 at line 2 and col 7 of file testfile
4 at line 2 and col 9 of file testfile
5 at line 2 and col 11 of file testfile
] at line 2 and col 12 of file testfile
y at line 3 and col 1 of file testfile
= at line 3 and col 2 of file testfile
[ at line 3 and col 4 of file testfile
{ at line 3 and col 6 of file testfile
myarray at line 3 and col 14 of file testfile
= at line 3 and col 15 of file testfile
[ at line 3 and col 17 of file testfile
3 at line 3 and col 18 of file testfile
4 at line 3 and col 20 of file testfile
5 at line 3 and col 22 of file testfile
] at line 3 and col 23 of file testfile
} at line 3 and col 26 of file testfile
yuiop at line 3 and col 32 of file testfile
qwerty at line 3 and col 39 of file testfile
] at line 3 and col 40 of file testfile
t at line 4 and col 1 of file testfile
= at line 4 and col 2 of file testfile
{ at line 4 and col 4 of file testfile
e at line 4 and col 5 of file testfile
= at line 4 and col 6 of file testfile
4 at line 4 and col 7 of file testfile
multi at line 4 and col 13 of file testfile
= at line 4 and col 14 of file testfile
{ at line 4 and col 16 of file testfile
record at line 4 and col 22 of file testfile
= at line 4 and col 23 of file testfile
here at line 4 and col 30 of file testfile
! at line 4 and col 32 of file testfile
include at line 4 and col 39 of file testfile
includeme at line 4 and col 49 of file testfile
ijkl at line 5 and col 5 of file testfile
= at line 5 and col 6 of file testfile
abcd at line 5 and col 11 of file testfile
} at line 5 and col 12 of file testfile
} at line 5 and col 13 of file testfile
y at line 7 and col 1 of file testfile
[ at line 7 and col 2 of file testfile
+ at line 7 and col 3 of file testfile
] at line 7 and col 4 of file testfile
= at line 7 and col 6 of file testfile
added at line 7 and col 12 of file testfile
y at line 8 and col 1 of file testfile
[ at line 8 and col 2 of file testfile
+ at line 8 and col 3 of file testfile
] at line 8 and col 4 of file testfile
= at line 8 and col 6 of file testfile
added again at line 8 and col 20 of file testfile
x at line 10 and col 1 of file testfile
= at line 10 and col 2 of file testfile
[ at line 10 and col 4 of file testfile
{ at line 10 and col 5 of file testfile
tau at line 10 and col 8 of file testfile
= at line 10 and col 9 of file testfile
[ at line 10 and col 11 of file testfile
1 at line 10 and col 12 of file testfile
2 at line 10 and col 14 of file testfile
] at line 10 and col 15 of file testfile
} at line 10 and col 16 of file testfile
{ at line 10 and col 18 of file testfile
tau at line 10 and col 21 of file testfile
= at line 10 and col 22 of file testfile
[ at line 10 and col 24 of file testfile
23 at line 10 and col 26 of file testfile
{ at line 10 and col 28 of file testfile
hey at line 10 and col 31 of file testfile
= at line 10 and col 32 of file testfile
there at line 10 and col 40 of file testfile
} at line 10 and col 41 of file testfile
56 at line 10 and col 44 of file testfile
] at line 10 and col 45 of file testfile
} at line 10 and col 46 of file testfile
] at line 10 and col 47 of file testfile
jgak at line 12 and col 4 of file testfile
= at line 14 and col 1 of file testfile
123 at line 14 and col 4 of file testfile
file at line 16 and col 4 of file testfile
= at line 16 and col 6 of file testfile
blah blah `file` here's \`'s at line 16 and col 40 of file testfile
ggg at line 18 and col 3 of file testfile
. at line 18 and col 5 of file testfile
! at line 18 and col 7 of file testfile
include at line 18 and col 14 of file testfile
includeme at line 18 and col 24 of file testfile
nothing at line 20 and col 7 of file testfile
= at line 20 and col 9 of file testfile
[ at line 20 and col 10 of file testfile
1 at line 20 and col 11 of file testfile
? at line 20 and col 13 of file testfile
4 at line 20 and col 15 of file testfile
] at line 20 and col 16 of file testfile
array at line 22 and col 5 of file testfile
= at line 22 and col 7 of file testfile
[ at line 22 and col 8 of file testfile
1 at line 22 and col 10 of file testfile
2 at line 22 and col 12 of file testfile
3 at line 22 and col 14 of file testfile
{ at line 22 and col 16 of file testfile
} at line 22 and col 17 of file testfile
] at line 22 and col 19 of file testfile
array at line 23 and col 5 of file testfile
[ at line 23 and col 6 of file testfile
3 at line 23 and col 7 of file testfile
] at line 23 and col 8 of file testfile
= at line 23 and col 9 of file testfile
0x27 at line 23 and col 15 of file testfile
array at line 24 and col 5 of file testfile
[ at line 24 and col 6 of file testfile
4 at line 24 and col 7 of file testfile
] at line 24 and col 8 of file testfile
= at line 24 and col 9 of file testfile
010 at line 24 and col 14 of file testfile
f at line 25 and col 1 of file testfile
= at line 25 and col 2 of file testfile
[ at line 25 and col 4 of file testfile
1 at line 25 and col 5 of file testfile
] at line 25 and col 6 of file testfile
ggg at line 26 and col 3 of file testfile
. at line 26 and col 4 of file testfile
rrr at line 26 and col 7 of file testfile
[ at line 26 and col 8 of file testfile
0 at line 26 and col 9 of file testfile
] at line 26 and col 10 of file testfile
= at line 26 and col 11 of file testfile
5 at line 26 and col 13 of file testfile
ggg at line 27 and col 3 of file testfile
. at line 27 and col 4 of file testfile
rrr at line 27 and col 7 of file testfile
[ at line 27 and col 8 of file testfile
1 at line 27 and col 9 of file testfile
] at line 27 and col 10 of file testfile
= at line 27 and col 11 of file testfile
xx at line 27 and col 16 of file testfile
ggg at line 28 and col 3 of file testfile
. at line 28 and col 4 of file testfile
rrr at line 28 and col 7 of file testfile
[ at line 28 and col 8 of file testfile
2 at line 28 and col 9 of file testfile
] at line 28 and col 10 of file testfile
= at line 28 and col 11 of file testfile
xxx at line 28 and col 15 of file testfile
ggg at line 29 and col 3 of file testfile
. at line 29 and col 4 of file testfile
rrr at line 29 and col 7 of file testfile
[ at line 29 and col 8 of file testfile
1 at line 29 and col 9 of file testfile
] at line 29 and col 10 of file testfile
. at line 29 and col 11 of file testfile
jj at line 29 and col 13 of file testfile
= at line 29 and col 15 of file testfile
183 at line 29 and col 20 of file testfile
foo at line 31 and col 3 of file testfile
= at line 31 and col 5 of file testfile
{ at line 31 and col 6 of file testfile
bar at line 31 and col 10 of file testfile
= at line 31 and col 12 of file testfile
1 at line 31 and col 13 of file testfile
} at line 31 and col 15 of file testfile
foo at line 32 and col 3 of file testfile
. at line 32 and col 4 of file testfile
bar at line 32 and col 7 of file testfile
= at line 32 and col 9 of file testfile
2 at line 32 and col 10 of file testfile
foo at line 33 and col 3 of file testfile
= at line 33 and col 5 of file testfile
1 at line 33 and col 6 of file testfile
foo at line 35 and col 3 of file testfile
[ at line 35 and col 4 of file testfile
0 at line 35 and col 5 of file testfile
] at line 35 and col 6 of file testfile
= at line 35 and col 8 of file testfile
3 at line 35 and col 9 of file testfile
ert at line 36 and col 3 of file testfile
= at line 36 and col 4 of file testfile
17 at line 36 and col 6 of file testfile
A at line 38 and col 1 of file testfile
= at line 38 and col 2 of file testfile
{ at line 38 and col 3 of file testfile
x at line 38 and col 5 of file testfile
= at line 38 and col 6 of file testfile
1 at line 38 and col 7 of file testfile
} at line 38 and col 9 of file testfile
A at line 39 and col 1 of file testfile
{ at line 39 and col 3 of file testfile
y at line 39 and col 5 of file testfile
= at line 39 and col 6 of file testfile
2 at line 39 and col 7 of file testfile
} at line 39 and col 9 of file testfile
B at line 40 and col 1 of file testfile
= at line 40 and col 2 of file testfile
{ at line 40 and col 3 of file testfile
x at line 40 and col 5 of file testfile
= at line 40 and col 6 of file testfile
1 at line 40 and col 7 of file testfile
} at line 40 and col 9 of file testfile
B at line 41 and col 1 of file testfile
= at line 41 and col 2 of file testfile
{ at line 41 and col 3 of file testfile
y at line 41 and col 5 of file testfile
= at line 41 and col 6 of file testfile
2 at line 41 and col 7 of file testfile
} at line 41 and col 9 of file testfile
